Archive member included to satisfy reference by file (symbol)

d:/program files (x86)/stm32cubeide_1.0.2/stm32cubeide/plugins/com.st.stm32cube.ide.mcu.externaltools.gnu-tools-for-stm32.7-2018-q2-update.win32_1.0.0.201904181610/tools/bin/../lib/gcc/arm-none-eabi/7.3.1/../../../../arm-none-eabi/lib/thumb/v7e-m/fpv4-sp/hard\libc_nano.a(lib_a-errno.o)
                              Src/syscalls.o (__errno)
d:/program files (x86)/stm32cubeide_1.0.2/stm32cubeide/plugins/com.st.stm32cube.ide.mcu.externaltools.gnu-tools-for-stm32.7-2018-q2-update.win32_1.0.0.201904181610/tools/bin/../lib/gcc/arm-none-eabi/7.3.1/../../../../arm-none-eabi/lib/thumb/v7e-m/fpv4-sp/hard\libc_nano.a(lib_a-exit.o)
                              d:/program files (x86)/stm32cubeide_1.0.2/stm32cubeide/plugins/com.st.stm32cube.ide.mcu.externaltools.gnu-tools-for-stm32.7-2018-q2-update.win32_1.0.0.201904181610/tools/bin/../lib/gcc/arm-none-eabi/7.3.1/../../../../arm-none-eabi/lib/thumb/v7e-m/fpv4-sp/hard/crt0.o (exit)
d:/program files (x86)/stm32cubeide_1.0.2/stm32cubeide/plugins/com.st.stm32cube.ide.mcu.externaltools.gnu-tools-for-stm32.7-2018-q2-update.win32_1.0.0.201904181610/tools/bin/../lib/gcc/arm-none-eabi/7.3.1/../../../../arm-none-eabi/lib/thumb/v7e-m/fpv4-sp/hard\libc_nano.a(lib_a-impure.o)
                              d:/program files (x86)/stm32cubeide_1.0.2/stm32cubeide/plugins/com.st.stm32cube.ide.mcu.externaltools.gnu-tools-for-stm32.7-2018-q2-update.win32_1.0.0.201904181610/tools/bin/../lib/gcc/arm-none-eabi/7.3.1/../../../../arm-none-eabi/lib/thumb/v7e-m/fpv4-sp/hard\libc_nano.a(lib_a-exit.o) (_global_impure_ptr)
d:/program files (x86)/stm32cubeide_1.0.2/stm32cubeide/plugins/com.st.stm32cube.ide.mcu.externaltools.gnu-tools-for-stm32.7-2018-q2-update.win32_1.0.0.201904181610/tools/bin/../lib/gcc/arm-none-eabi/7.3.1/../../../../arm-none-eabi/lib/thumb/v7e-m/fpv4-sp/hard\libc_nano.a(lib_a-init.o)
                              d:/program files (x86)/stm32cubeide_1.0.2/stm32cubeide/plugins/com.st.stm32cube.ide.mcu.externaltools.gnu-tools-for-stm32.7-2018-q2-update.win32_1.0.0.201904181610/tools/bin/../lib/gcc/arm-none-eabi/7.3.1/../../../../arm-none-eabi/lib/thumb/v7e-m/fpv4-sp/hard/crt0.o (__libc_init_array)
d:/program files (x86)/stm32cubeide_1.0.2/stm32cubeide/plugins/com.st.stm32cube.ide.mcu.externaltools.gnu-tools-for-stm32.7-2018-q2-update.win32_1.0.0.201904181610/tools/bin/../lib/gcc/arm-none-eabi/7.3.1/../../../../arm-none-eabi/lib/thumb/v7e-m/fpv4-sp/hard\libc_nano.a(lib_a-memset.o)
                              d:/program files (x86)/stm32cubeide_1.0.2/stm32cubeide/plugins/com.st.stm32cube.ide.mcu.externaltools.gnu-tools-for-stm32.7-2018-q2-update.win32_1.0.0.201904181610/tools/bin/../lib/gcc/arm-none-eabi/7.3.1/../../../../arm-none-eabi/lib/thumb/v7e-m/fpv4-sp/hard/crt0.o (memset)
d:/program files (x86)/stm32cubeide_1.0.2/stm32cubeide/plugins/com.st.stm32cube.ide.mcu.externaltools.gnu-tools-for-stm32.7-2018-q2-update.win32_1.0.0.201904181610/tools/bin/../lib/gcc/arm-none-eabi/7.3.1/thumb/v7e-m/fpv4-sp/hard\libgcc.a(_aeabi_uldivmod.o)
                              Drivers/STM32F4xx_HAL_Driver/Src/stm32f4xx_hal_rcc.o (__aeabi_uldivmod)
d:/program files (x86)/stm32cubeide_1.0.2/stm32cubeide/plugins/com.st.stm32cube.ide.mcu.externaltools.gnu-tools-for-stm32.7-2018-q2-update.win32_1.0.0.201904181610/tools/bin/../lib/gcc/arm-none-eabi/7.3.1/thumb/v7e-m/fpv4-sp/hard\libgcc.a(_udivmoddi4.o)
                              d:/program files (x86)/stm32cubeide_1.0.2/stm32cubeide/plugins/com.st.stm32cube.ide.mcu.externaltools.gnu-tools-for-stm32.7-2018-q2-update.win32_1.0.0.201904181610/tools/bin/../lib/gcc/arm-none-eabi/7.3.1/thumb/v7e-m/fpv4-sp/hard\libgcc.a(_aeabi_uldivmod.o) (__udivmoddi4)
d:/program files (x86)/stm32cubeide_1.0.2/stm32cubeide/plugins/com.st.stm32cube.ide.mcu.externaltools.gnu-tools-for-stm32.7-2018-q2-update.win32_1.0.0.201904181610/tools/bin/../lib/gcc/arm-none-eabi/7.3.1/thumb/v7e-m/fpv4-sp/hard\libgcc.a(_dvmd_tls.o)
                              d:/program files (x86)/stm32cubeide_1.0.2/stm32cubeide/plugins/com.st.stm32cube.ide.mcu.externaltools.gnu-tools-for-stm32.7-2018-q2-update.win32_1.0.0.201904181610/tools/bin/../lib/gcc/arm-none-eabi/7.3.1/thumb/v7e-m/fpv4-sp/hard\libgcc.a(_aeabi_uldivmod.o) (__aeabi_ldiv0)

Allocating common symbols
Common symbol       size              file

hadc2               0x48              Src/main.o
sum                 0x2               Src/main.o
adc_avg             0x2               Src/main.o
uwTick              0x4               Drivers/STM32F4xx_HAL_Driver/Src/stm32f4xx_hal.o
pFlash              0x20              Drivers/STM32F4xx_HAL_Driver/Src/stm32f4xx_hal_flash.o
hadc1               0x48              Src/main.o
hdma_adc1           0x60              Src/main.o
hspi1               0x58              Src/main.o
temp_buf            0x12              Src/main.o

Discarded input sections

[...]
Memory Configuration

Name             Origin             Length             Attributes
CCMRAM           0x0000000010000000 0x0000000000010000 xrw
RAM              0x0000000020000000 0x0000000000020000 xrw
FLASH            0x0000000008000000 0x0000000000100000 xr
*default*        0x0000000000000000 0xffffffffffffffff

Linker script and memory map

LOAD d:/program files (x86)/stm32cubeide_1.0.2/stm32cubeide/plugins/com.st.stm32cube.ide.mcu.externaltools.gnu-tools-for-stm32.7-2018-q2-update.win32_1.0.0.201904181610/tools/bin/../lib/gcc/arm-none-eabi/7.3.1/thumb/v7e-m/fpv4-sp/hard/crti.o
LOAD d:/program files (x86)/stm32cubeide_1.0.2/stm32cubeide/plugins/com.st.stm32cube.ide.mcu.externaltools.gnu-tools-for-stm32.7-2018-q2-update.win32_1.0.0.201904181610/tools/bin/../lib/gcc/arm-none-eabi/7.3.1/thumb/v7e-m/fpv4-sp/hard/crtbegin.o
LOAD d:/program files (x86)/stm32cubeide_1.0.2/stm32cubeide/plugins/com.st.stm32cube.ide.mcu.externaltools.gnu-tools-for-stm32.7-2018-q2-update.win32_1.0.0.201904181610/tools/bin/../lib/gcc/arm-none-eabi/7.3.1/../../../../arm-none-eabi/lib/thumb/v7e-m/fpv4-sp/hard/crt0.o
LOAD Drivers/STM32F4xx_HAL_Driver/Src/stm32f4xx_hal.o
LOAD Drivers/STM32F4xx_HAL_Driver/Src/stm32f4xx_hal_adc.o
LOAD Drivers/STM32F4xx_HAL_Driver/Src/stm32f4xx_hal_adc_ex.o
LOAD Drivers/STM32F4xx_HAL_Driver/Src/stm32f4xx_hal_cortex.o
LOAD Drivers/STM32F4xx_HAL_Driver/Src/stm32f4xx_hal_dma.o
LOAD Drivers/STM32F4xx_HAL_Driver/Src/stm32f4xx_hal_dma_ex.o
LOAD Drivers/STM32F4xx_HAL_Driver/Src/stm32f4xx_hal_exti.o
LOAD Drivers/STM32F4xx_HAL_Driver/Src/stm32f4xx_hal_flash.o
LOAD Drivers/STM32F4xx_HAL_Driver/Src/stm32f4xx_hal_flash_ex.o
LOAD Drivers/STM32F4xx_HAL_Driver/Src/stm32f4xx_hal_flash_ramfunc.o
LOAD Drivers/STM32F4xx_HAL_Driver/Src/stm32f4xx_hal_gpio.o
LOAD Drivers/STM32F4xx_HAL_Driver/Src/stm32f4xx_hal_pwr.o
LOAD Drivers/STM32F4xx_HAL_Driver/Src/stm32f4xx_hal_pwr_ex.o
LOAD Drivers/STM32F4xx_HAL_Driver/Src/stm32f4xx_hal_rcc.o
LOAD Drivers/STM32F4xx_HAL_Driver/Src/stm32f4xx_hal_rcc_ex.o
LOAD Drivers/STM32F4xx_HAL_Driver/Src/stm32f4xx_hal_spi.o
LOAD Drivers/STM32F4xx_HAL_Driver/Src/stm32f4xx_hal_tim.o
LOAD Drivers/STM32F4xx_HAL_Driver/Src/stm32f4xx_hal_tim_ex.o
LOAD Src/Fonts.o
LOAD Src/SSD1331.o
LOAD Src/main.o
LOAD Src/stm32f4xx_hal_msp.o
LOAD Src/stm32f4xx_it.o
LOAD Src/syscalls.o
LOAD Src/sysmem.o
LOAD Src/system_stm32f4xx.o
LOAD Startup/startup_stm32f407vgtx.o
START GROUP
LOAD d:/program files (x86)/stm32cubeide_1.0.2/stm32cubeide/plugins/com.st.stm32cube.ide.mcu.externaltools.gnu-tools-for-stm32.7-2018-q2-update.win32_1.0.0.201904181610/tools/bin/../lib/gcc/arm-none-eabi/7.3.1/../../../../arm-none-eabi/lib/thumb/v7e-m/fpv4-sp/hard\libc_nano.a
LOAD d:/program files (x86)/stm32cubeide_1.0.2/stm32cubeide/plugins/com.st.stm32cube.ide.mcu.externaltools.gnu-tools-for-stm32.7-2018-q2-update.win32_1.0.0.201904181610/tools/bin/../lib/gcc/arm-none-eabi/7.3.1/../../../../arm-none-eabi/lib/thumb/v7e-m/fpv4-sp/hard\libm.a
END GROUP
START GROUP
LOAD d:/program files (x86)/stm32cubeide_1.0.2/stm32cubeide/plugins/com.st.stm32cube.ide.mcu.externaltools.gnu-tools-for-stm32.7-2018-q2-update.win32_1.0.0.201904181610/tools/bin/../lib/gcc/arm-none-eabi/7.3.1/thumb/v7e-m/fpv4-sp/hard\libgcc.a
LOAD d:/program files (x86)/stm32cubeide_1.0.2/stm32cubeide/plugins/com.st.stm32cube.ide.mcu.externaltools.gnu-tools-for-stm32.7-2018-q2-update.win32_1.0.0.201904181610/tools/bin/../lib/gcc/arm-none-eabi/7.3.1/../../../../arm-none-eabi/lib/thumb/v7e-m/fpv4-sp/hard\libc_nano.a
END GROUP
START GROUP
LOAD d:/program files (x86)/stm32cubeide_1.0.2/stm32cubeide/plugins/com.st.stm32cube.ide.mcu.externaltools.gnu-tools-for-stm32.7-2018-q2-update.win32_1.0.0.201904181610/tools/bin/../lib/gcc/arm-none-eabi/7.3.1/thumb/v7e-m/fpv4-sp/hard\libgcc.a
LOAD d:/program files (x86)/stm32cubeide_1.0.2/stm32cubeide/plugins/com.st.stm32cube.ide.mcu.externaltools.gnu-tools-for-stm32.7-2018-q2-update.win32_1.0.0.201904181610/tools/bin/../lib/gcc/arm-none-eabi/7.3.1/../../../../arm-none-eabi/lib/thumb/v7e-m/fpv4-sp/hard\libc_nano.a
LOAD d:/program files (x86)/stm32cubeide_1.0.2/stm32cubeide/plugins/com.st.stm32cube.ide.mcu.externaltools.gnu-tools-for-stm32.7-2018-q2-update.win32_1.0.0.201904181610/tools/bin/../lib/gcc/arm-none-eabi/7.3.1/../../../../arm-none-eabi/lib/thumb/v7e-m/fpv4-sp/hard\libnosys.a
END GROUP
START GROUP
LOAD d:/program files (x86)/stm32cubeide_1.0.2/stm32cubeide/plugins/com.st.stm32cube.ide.mcu.externaltools.gnu-tools-for-stm32.7-2018-q2-update.win32_1.0.0.201904181610/tools/bin/../lib/gcc/arm-none-eabi/7.3.1/thumb/v7e-m/fpv4-sp/hard\libgcc.a
LOAD d:/program files (x86)/stm32cubeide_1.0.2/stm32cubeide/plugins/com.st.stm32cube.ide.mcu.externaltools.gnu-tools-for-stm32.7-2018-q2-update.win32_1.0.0.201904181610/tools/bin/../lib/gcc/arm-none-eabi/7.3.1/../../../../arm-none-eabi/lib/thumb/v7e-m/fpv4-sp/hard\libc_nano.a
LOAD d:/program files (x86)/stm32cubeide_1.0.2/stm32cubeide/plugins/com.st.stm32cube.ide.mcu.externaltools.gnu-tools-for-stm32.7-2018-q2-update.win32_1.0.0.201904181610/tools/bin/../lib/gcc/arm-none-eabi/7.3.1/../../../../arm-none-eabi/lib/thumb/v7e-m/fpv4-sp/hard\libnosys.a
END GROUP
LOAD d:/program files (x86)/stm32cubeide_1.0.2/stm32cubeide/plugins/com.st.stm32cube.ide.mcu.externaltools.gnu-tools-for-stm32.7-2018-q2-update.win32_1.0.0.201904181610/tools/bin/../lib/gcc/arm-none-eabi/7.3.1/thumb/v7e-m/fpv4-sp/hard/crtend.o
LOAD d:/program files (x86)/stm32cubeide_1.0.2/stm32cubeide/plugins/com.st.stm32cube.ide.mcu.externaltools.gnu-tools-for-stm32.7-2018-q2-update.win32_1.0.0.201904181610/tools/bin/../lib/gcc/arm-none-eabi/7.3.1/thumb/v7e-m/fpv4-sp/hard/crtn.o
                0x0000000020020000                _estack = 0x20020000
                0x0000000000000200                _Min_Heap_Size = 0x200
                0x0000000000000400                _Min_Stack_Size = 0x400

.isr_vector     0x0000000008000000      0x188
                0x0000000008000000                . = ALIGN (0x4)
 *(.isr_vector)
 .isr_vector    0x0000000008000000      0x188 Startup/startup_stm32f407vgtx.o
                0x0000000008000000                g_pfnVectors
                0x0000000008000188                . = ALIGN (0x4)

.text           0x0000000008000188     0x3abc
                0x0000000008000188                . = ALIGN (0x4)
 *(.text)
 .text          0x0000000008000188       0x40 d:/program files (x86)/stm32cubeide_1.0.2/stm32cubeide/plugins/com.st.stm32cube.ide.mcu.externaltools.gnu-tools-for-stm32.7-2018-q2-update.win32_1.0.0.201904181610/tools/bin/../lib/gcc/arm-none-eabi/7.3.1/thumb/v7e-m/fpv4-sp/hard/crtbegin.o
 .text          0x00000000080001c8       0x30 d:/program files (x86)/stm32cubeide_1.0.2/stm32cubeide/plugins/com.st.stm32cube.ide.mcu.externaltools.gnu-tools-for-stm32.7-2018-q2-update.win32_1.0.0.201904181610/tools/bin/../lib/gcc/arm-none-eabi/7.3.1/thumb/v7e-m/fpv4-sp/hard\libgcc.a(_aeabi_uldivmod.o)
                0x00000000080001c8                __aeabi_uldivmod
 .text          0x00000000080001f8      0x2cc d:/program files (x86)/stm32cubeide_1.0.2/stm32cubeide/plugins/com.st.stm32cube.ide.mcu.externaltools.gnu-tools-for-stm32.7-2018-q2-update.win32_1.0.0.201904181610/tools/bin/../lib/gcc/arm-none-eabi/7.3.1/thumb/v7e-m/fpv4-sp/hard\libgcc.a(_udivmoddi4.o)
                0x00000000080001f8                __udivmoddi4
 .text          0x00000000080004c4        0x4 d:/program files (x86)/stm32cubeide_1.0.2/stm32cubeide/plugins/com.st.stm32cube.ide.mcu.externaltools.gnu-tools-for-stm32.7-2018-q2-update.win32_1.0.0.201904181610/tools/bin/../lib/gcc/arm-none-eabi/7.3.1/thumb/v7e-m/fpv4-sp/hard\libgcc.a(_dvmd_tls.o)
                0x00000000080004c4                __aeabi_idiv0
                0x00000000080004c4                __aeabi_ldiv0
 *(.text*)
 .text.HAL_Init
                0x00000000080004c8       0x44 Drivers/STM32F4xx_HAL_Driver/Src/stm32f4xx_hal.o
                0x00000000080004c8                HAL_Init
 .text.HAL_InitTick
                0x000000000800050c       0x60 Drivers/STM32F4xx_HAL_Driver/Src/stm32f4xx_hal.o
                0x000000000800050c                HAL_InitTick
 .text.HAL_IncTick
                0x000000000800056c       0x28 Drivers/STM32F4xx_HAL_Driver/Src/stm32f4xx_hal.o
                0x000000000800056c                HAL_IncTick
 .text.HAL_GetTick
                0x0000000008000594       0x18 Drivers/STM32F4xx_HAL_Driver/Src/stm32f4xx_hal.o
                0x0000000008000594                HAL_GetTick
 .text.HAL_Delay
                0x00000000080005ac       0x44 Drivers/STM32F4xx_HAL_Driver/Src/stm32f4xx_hal.o
                0x00000000080005ac                HAL_Delay
 .text.HAL_ADC_Init
                0x00000000080005f0       0x86 Drivers/STM32F4xx_HAL_Driver/Src/stm32f4xx_hal_adc.o
                0x00000000080005f0                HAL_ADC_Init
 *fill*         0x0000000008000676        0x2 
 .text.HAL_ADC_Start
                0x0000000008000678      0x18c Drivers/STM32F4xx_HAL_Driver/Src/stm32f4xx_hal_adc.o
                0x0000000008000678                HAL_ADC_Start
 .text.HAL_ADC_PollForConversion
                0x0000000008000804      0x108 Drivers/STM32F4xx_HAL_Driver/Src/stm32f4xx_hal_adc.o
                0x0000000008000804                HAL_ADC_PollForConversion
 .text.HAL_ADC_IRQHandler
                0x000000000800090c      0x282 Drivers/STM32F4xx_HAL_Driver/Src/stm32f4xx_hal_adc.o
                0x000000000800090c                HAL_ADC_IRQHandler
 *fill*         0x0000000008000b8e        0x2 
 .text.HAL_ADC_Start_DMA
                0x0000000008000b90      0x1e4 Drivers/STM32F4xx_HAL_Driver/Src/stm32f4xx_hal_adc.o
                0x0000000008000b90                HAL_ADC_Start_DMA
 .text.HAL_ADC_GetValue
                0x0000000008000d74       0x1a Drivers/STM32F4xx_HAL_Driver/Src/stm32f4xx_hal_adc.o
                0x0000000008000d74                HAL_ADC_GetValue
 .text.HAL_ADC_ConvHalfCpltCallback
                0x0000000008000d8e       0x14 Drivers/STM32F4xx_HAL_Driver/Src/stm32f4xx_hal_adc.o
                0x0000000008000d8e                HAL_ADC_ConvHalfCpltCallback
 .text.HAL_ADC_LevelOutOfWindowCallback
                0x0000000008000da2       0x14 Drivers/STM32F4xx_HAL_Driver/Src/stm32f4xx_hal_adc.o
                0x0000000008000da2                HAL_ADC_LevelOutOfWindowCallback
 .text.HAL_ADC_ErrorCallback
                0x0000000008000db6       0x14 Drivers/STM32F4xx_HAL_Driver/Src/stm32f4xx_hal_adc.o
                0x0000000008000db6                HAL_ADC_ErrorCallback
 *fill*         0x0000000008000dca        0x2 
 .text.HAL_ADC_ConfigChannel
                0x0000000008000dcc      0x244 Drivers/STM32F4xx_HAL_Driver/Src/stm32f4xx_hal_adc.o
                0x0000000008000dcc                HAL_ADC_ConfigChannel
 .text.ADC_Init
                0x0000000008001010      0x1f8 Drivers/STM32F4xx_HAL_Driver/Src/stm32f4xx_hal_adc.o
 .text.ADC_DMAConvCplt
                0x0000000008001208       0xba Drivers/STM32F4xx_HAL_Driver/Src/stm32f4xx_hal_adc.o
 .text.ADC_DMAHalfConvCplt
                0x00000000080012c2       0x1c Drivers/STM32F4xx_HAL_Driver/Src/stm32f4xx_hal_adc.o
 .text.ADC_DMAError
                0x00000000080012de       0x2e Drivers/STM32F4xx_HAL_Driver/Src/stm32f4xx_hal_adc.o
 .text.HAL_ADCEx_InjectedConvCpltCallback
                0x000000000800130c       0x14 Drivers/STM32F4xx_HAL_Driver/Src/stm32f4xx_hal_adc_ex.o
                0x000000000800130c                HAL_ADCEx_InjectedConvCpltCallback
 .text.__NVIC_SetPriorityGrouping
                0x0000000008001320       0x48 Drivers/STM32F4xx_HAL_Driver/Src/stm32f4xx_hal_cortex.o
 .text.__NVIC_GetPriorityGrouping
                0x0000000008001368       0x1c Drivers/STM32F4xx_HAL_Driver/Src/stm32f4xx_hal_cortex.o
 .text.__NVIC_EnableIRQ
                0x0000000008001384       0x3c Drivers/STM32F4xx_HAL_Driver/Src/stm32f4xx_hal_cortex.o
 .text.__NVIC_SetPriority
                0x00000000080013c0       0x54 Drivers/STM32F4xx_HAL_Driver/Src/stm32f4xx_hal_cortex.o
 .text.NVIC_EncodePriority
                0x0000000008001414       0x66 Drivers/STM32F4xx_HAL_Driver/Src/stm32f4xx_hal_cortex.o
 *fill*         0x000000000800147a        0x2 
 .text.SysTick_Config
                0x000000000800147c       0x44 Drivers/STM32F4xx_HAL_Driver/Src/stm32f4xx_hal_cortex.o
 .text.HAL_NVIC_SetPriorityGrouping
                0x00000000080014c0       0x16 Drivers/STM32F4xx_HAL_Driver/Src/stm32f4xx_hal_cortex.o
                0x00000000080014c0                HAL_NVIC_SetPriorityGrouping
 .text.HAL_NVIC_SetPriority
                0x00000000080014d6       0x38 Drivers/STM32F4xx_HAL_Driver/Src/stm32f4xx_hal_cortex.o
                0x00000000080014d6                HAL_NVIC_SetPriority
 .text.HAL_NVIC_EnableIRQ
                0x000000000800150e       0x1c Drivers/STM32F4xx_HAL_Driver/Src/stm32f4xx_hal_cortex.o
                0x000000000800150e                HAL_NVIC_EnableIRQ
 .text.HAL_SYSTICK_Config
                0x000000000800152a       0x18 Drivers/STM32F4xx_HAL_Driver/Src/stm32f4xx_hal_cortex.o
                0x000000000800152a                HAL_SYSTICK_Config
 *fill*         0x0000000008001542        0x2 
 .text.HAL_DMA_Init
                0x0000000008001544      0x15c Drivers/STM32F4xx_HAL_Driver/Src/stm32f4xx_hal_dma.o
                0x0000000008001544                HAL_DMA_Init
 .text.HAL_DMA_Start_IT
                0x00000000080016a0       0xb0 Drivers/STM32F4xx_HAL_Driver/Src/stm32f4xx_hal_dma.o
                0x00000000080016a0                HAL_DMA_Start_IT
 .text.HAL_DMA_IRQHandler
                0x0000000008001750      0x314 Drivers/STM32F4xx_HAL_Driver/Src/stm32f4xx_hal_dma.o
                0x0000000008001750                HAL_DMA_IRQHandler
 .text.DMA_SetConfig
                0x0000000008001a64       0x5c Drivers/STM32F4xx_HAL_Driver/Src/stm32f4xx_hal_dma.o
 .text.DMA_CalcBaseAndBitshift
                0x0000000008001ac0       0x6c Drivers/STM32F4xx_HAL_Driver/Src/stm32f4xx_hal_dma.o
 .text.DMA_CheckFifoParam
                0x0000000008001b2c       0xf4 Drivers/STM32F4xx_HAL_Driver/Src/stm32f4xx_hal_dma.o
 .text.HAL_GPIO_Init
                0x0000000008001c20      0x334 Drivers/STM32F4xx_HAL_Driver/Src/stm32f4xx_hal_gpio.o
                0x0000000008001c20                HAL_GPIO_Init
 .text.HAL_GPIO_ReadPin
                0x0000000008001f54       0x30 Drivers/STM32F4xx_HAL_Driver/Src/stm32f4xx_hal_gpio.o
                0x0000000008001f54                HAL_GPIO_ReadPin
 .text.HAL_GPIO_WritePin
                0x0000000008001f84       0x32 Drivers/STM32F4xx_HAL_Driver/Src/stm32f4xx_hal_gpio.o
                0x0000000008001f84                HAL_GPIO_WritePin
 *fill*         0x0000000008001fb6        0x2 
 .text.HAL_GPIO_EXTI_IRQHandler
                0x0000000008001fb8       0x30 Drivers/STM32F4xx_HAL_Driver/Src/stm32f4xx_hal_gpio.o
                0x0000000008001fb8                HAL_GPIO_EXTI_IRQHandler
 .text.HAL_RCC_OscConfig
                0x0000000008001fe8      0x4e0 Drivers/STM32F4xx_HAL_Driver/Src/stm32f4xx_hal_rcc.o
                0x0000000008001fe8                HAL_RCC_OscConfig
 .text.HAL_RCC_ClockConfig
                0x00000000080024c8      0x1cc Drivers/STM32F4xx_HAL_Driver/Src/stm32f4xx_hal_rcc.o
                0x00000000080024c8                HAL_RCC_ClockConfig
 .text.HAL_RCC_GetSysClockFreq
                0x0000000008002694      0x1b0 Drivers/STM32F4xx_HAL_Driver/Src/stm32f4xx_hal_rcc.o
                0x0000000008002694                HAL_RCC_GetSysClockFreq
 .text.HAL_SPI_Init
                0x0000000008002844       0xc8 Drivers/STM32F4xx_HAL_Driver/Src/stm32f4xx_hal_spi.o
                0x0000000008002844                HAL_SPI_Init
 .text.HAL_SPI_Transmit
                0x000000000800290c      0x268 Drivers/STM32F4xx_HAL_Driver/Src/stm32f4xx_hal_spi.o
                0x000000000800290c                HAL_SPI_Transmit
 .text.SPI_WaitFlagStateUntilTimeout
                0x0000000008002b74       0xd4 Drivers/STM32F4xx_HAL_Driver/Src/stm32f4xx_hal_spi.o
 .text.SPI_EndRxTxTransaction
                0x0000000008002c48       0x84 Drivers/STM32F4xx_HAL_Driver/Src/stm32f4xx_hal_spi.o
 .text.ssd1331_write_byte
                0x0000000008002ccc       0x6c Src/SSD1331.o
 .text.ssd1331_draw_point
                0x0000000008002d38       0x78 Src/SSD1331.o
                0x0000000008002d38                ssd1331_draw_point
 .text.ssd1331_display_char
                0x0000000008002db0       0xdc Src/SSD1331.o
                0x0000000008002db0                ssd1331_display_char
 .text._pow     0x0000000008002e8c       0x38 Src/SSD1331.o
 .text.ssd1331_display_num
                0x0000000008002ec4       0xec Src/SSD1331.o
                0x0000000008002ec4                ssd1331_display_num
 .text.ssd1331_display_string
                0x0000000008002fb0       0x92 Src/SSD1331.o
                0x0000000008002fb0                ssd1331_display_string
 .text.ssd1331_clear_screen
                0x0000000008003042       0x46 Src/SSD1331.o
                0x0000000008003042                ssd1331_clear_screen
 .text.ssd1331_init
                0x0000000008003088      0x15c Src/SSD1331.o
                0x0000000008003088                ssd1331_init
 .text.HAL_ADC_ConvCpltCallback
                0x00000000080031e4       0x84 Src/main.o
                0x00000000080031e4                HAL_ADC_ConvCpltCallback
 .text.HAL_GPIO_EXTI_Callback
                0x0000000008003268       0x48 Src/main.o
                0x0000000008003268                HAL_GPIO_EXTI_Callback
 .text.ADC_avg  0x00000000080032b0       0x80 Src/main.o
                0x00000000080032b0                ADC_avg
 .text.wyswietlanie
                0x0000000008003330       0x9c Src/main.o
                0x0000000008003330                wyswietlanie
 .text.main     0x00000000080033cc       0x68 Src/main.o
                0x00000000080033cc                main
 .text.SystemClock_Config
                0x0000000008003434       0xd4 Src/main.o
                0x0000000008003434                SystemClock_Config
 .text.MX_ADC1_Init
                0x0000000008003508       0xa4 Src/main.o
 .text.MX_ADC2_Init
                0x00000000080035ac       0xa4 Src/main.o
 .text.MX_SPI1_Init
                0x0000000008003650       0x6c Src/main.o
 .text.MX_DMA_Init
                0x00000000080036bc       0x40 Src/main.o
 .text.MX_GPIO_Init
                0x00000000080036fc      0x15c Src/main.o
 .text.Error_Handler
                0x0000000008003858        0xe Src/main.o
                0x0000000008003858                Error_Handler
 *fill*         0x0000000008003866        0x2 
 .text.HAL_MspInit
                0x0000000008003868       0x50 Src/stm32f4xx_hal_msp.o
                0x0000000008003868                HAL_MspInit
 .text.HAL_ADC_MspInit
                0x00000000080038b8      0x170 Src/stm32f4xx_hal_msp.o
                0x00000000080038b8                HAL_ADC_MspInit
 .text.HAL_SPI_MspInit
                0x0000000008003a28       0x90 Src/stm32f4xx_hal_msp.o
                0x0000000008003a28                HAL_SPI_MspInit
 .text.NMI_Handler
                0x0000000008003ab8        0xe Src/stm32f4xx_it.o
                0x0000000008003ab8                NMI_Handler
 .text.HardFault_Handler
                0x0000000008003ac6        0x6 Src/stm32f4xx_it.o
                0x0000000008003ac6                HardFault_Handler
 .text.MemManage_Handler
                0x0000000008003acc        0x6 Src/stm32f4xx_it.o
                0x0000000008003acc                MemManage_Handler
 .text.BusFault_Handler
                0x0000000008003ad2        0x6 Src/stm32f4xx_it.o
                0x0000000008003ad2                BusFault_Handler
 .text.UsageFault_Handler
                0x0000000008003ad8        0x6 Src/stm32f4xx_it.o
                0x0000000008003ad8                UsageFault_Handler
 .text.SVC_Handler
                0x0000000008003ade        0xe Src/stm32f4xx_it.o
                0x0000000008003ade                SVC_Handler
 .text.DebugMon_Handler
                0x0000000008003aec        0xe Src/stm32f4xx_it.o
                0x0000000008003aec                DebugMon_Handler
 .text.PendSV_Handler
                0x0000000008003afa        0xe Src/stm32f4xx_it.o
                0x0000000008003afa                PendSV_Handler
 .text.SysTick_Handler
                0x0000000008003b08        0xc Src/stm32f4xx_it.o
                0x0000000008003b08                SysTick_Handler
 .text.EXTI0_IRQHandler
                0x0000000008003b14        0xe Src/stm32f4xx_it.o
                0x0000000008003b14                EXTI0_IRQHandler
 *fill*         0x0000000008003b22        0x2 
 .text.ADC_IRQHandler
                0x0000000008003b24       0x1c Src/stm32f4xx_it.o
                0x0000000008003b24                ADC_IRQHandler
 .text.DMA2_Stream0_IRQHandler
                0x0000000008003b40       0x14 Src/stm32f4xx_it.o
                0x0000000008003b40                DMA2_Stream0_IRQHandler
 .text.SystemInit
                0x0000000008003b54       0x2c Src/system_stm32f4xx.o
                0x0000000008003b54                SystemInit
 .text.Reset_Handler
                0x0000000008003b80       0x50 Startup/startup_stm32f407vgtx.o
                0x0000000008003b80                Reset_Handler
 .text.Default_Handler
                0x0000000008003bd0        0x2 Startup/startup_stm32f407vgtx.o
                0x0000000008003bd0                RTC_Alarm_IRQHandler
                0x0000000008003bd0                HASH_RNG_IRQHandler
                0x0000000008003bd0                EXTI2_IRQHandler
                0x0000000008003bd0                TIM8_CC_IRQHandler
                0x0000000008003bd0                TIM1_CC_IRQHandler
                0x0000000008003bd0                DMA2_Stream5_IRQHandler
                0x0000000008003bd0                DMA1_Stream5_IRQHandler
                0x0000000008003bd0                PVD_IRQHandler
                0x0000000008003bd0                SDIO_IRQHandler
                0x0000000008003bd0                TAMP_STAMP_IRQHandler
                0x0000000008003bd0                CAN2_RX1_IRQHandler
                0x0000000008003bd0                EXTI3_IRQHandler
                0x0000000008003bd0                TIM8_TRG_COM_TIM14_IRQHandler
                0x0000000008003bd0                TIM1_UP_TIM10_IRQHandler
                0x0000000008003bd0                TIM8_UP_TIM13_IRQHandler
                0x0000000008003bd0                I2C3_ER_IRQHandler
                0x0000000008003bd0                I2C2_EV_IRQHandler
                0x0000000008003bd0                DMA1_Stream2_IRQHandler
                0x0000000008003bd0                CAN1_RX0_IRQHandler
                0x0000000008003bd0                FPU_IRQHandler
                0x0000000008003bd0                OTG_HS_WKUP_IRQHandler
                0x0000000008003bd0                CAN2_SCE_IRQHandler
                0x0000000008003bd0                DMA2_Stream2_IRQHandler
                0x0000000008003bd0                SPI1_IRQHandler
                0x0000000008003bd0                TIM6_DAC_IRQHandler
                0x0000000008003bd0                TIM1_BRK_TIM9_IRQHandler
                0x0000000008003bd0                DCMI_IRQHandler
                0x0000000008003bd0                CAN2_RX0_IRQHandler
                0x0000000008003bd0                DMA2_Stream3_IRQHandler
                0x0000000008003bd0                USART6_IRQHandler
                0x0000000008003bd0                USART3_IRQHandler
                0x0000000008003bd0                CAN1_RX1_IRQHandler
                0x0000000008003bd0                UART5_IRQHandler
                0x0000000008003bd0                TIM4_IRQHandler
                0x0000000008003bd0                I2C1_EV_IRQHandler
                0x0000000008003bd0                DMA1_Stream6_IRQHandler
                0x0000000008003bd0                DMA1_Stream1_IRQHandler
                0x0000000008003bd0                UART4_IRQHandler
                0x0000000008003bd0                TIM3_IRQHandler
                0x0000000008003bd0                RCC_IRQHandler
                0x0000000008003bd0                TIM8_BRK_TIM12_IRQHandler
                0x0000000008003bd0                Default_Handler
                0x0000000008003bd0                EXTI15_10_IRQHandler
                0x0000000008003bd0                DMA1_Stream7_IRQHandler
                0x0000000008003bd0                TIM7_IRQHandler
                0x0000000008003bd0                CAN2_TX_IRQHandler
                0x0000000008003bd0                TIM5_IRQHandler
                0x0000000008003bd0                DMA2_Stream7_IRQHandler
                0x0000000008003bd0                I2C3_EV_IRQHandler
                0x0000000008003bd0                EXTI9_5_IRQHandler
                0x0000000008003bd0                RTC_WKUP_IRQHandler
                0x0000000008003bd0                ETH_WKUP_IRQHandler
                0x0000000008003bd0                SPI2_IRQHandler
                0x0000000008003bd0                OTG_HS_EP1_IN_IRQHandler
                0x0000000008003bd0                DMA1_Stream0_IRQHandler
                0x0000000008003bd0                CAN1_TX_IRQHandler
                0x0000000008003bd0                EXTI4_IRQHandler
                0x0000000008003bd0                FSMC_IRQHandler
                0x0000000008003bd0                ETH_IRQHandler
                0x0000000008003bd0                OTG_HS_EP1_OUT_IRQHandler
                0x0000000008003bd0                WWDG_IRQHandler
                0x0000000008003bd0                TIM2_IRQHandler
                0x0000000008003bd0                OTG_FS_WKUP_IRQHandler
                0x0000000008003bd0                TIM1_TRG_COM_TIM11_IRQHandler
                0x0000000008003bd0                OTG_HS_IRQHandler
                0x0000000008003bd0                EXTI1_IRQHandler
                0x0000000008003bd0                USART2_IRQHandler
                0x0000000008003bd0                I2C2_ER_IRQHandler
                0x0000000008003bd0                DMA2_Stream1_IRQHandler
                0x0000000008003bd0                CAN1_SCE_IRQHandler
                0x0000000008003bd0                FLASH_IRQHandler
                0x0000000008003bd0                DMA2_Stream4_IRQHandler
                0x0000000008003bd0                USART1_IRQHandler
                0x0000000008003bd0                OTG_FS_IRQHandler
                0x0000000008003bd0                SPI3_IRQHandler
                0x0000000008003bd0                DMA1_Stream4_IRQHandler
                0x0000000008003bd0                I2C1_ER_IRQHandler
                0x0000000008003bd0                DMA2_Stream6_IRQHandler
                0x0000000008003bd0                DMA1_Stream3_IRQHandler
 *fill*         0x0000000008003bd2        0x2 
 .text.__libc_init_array
                0x0000000008003bd4       0x48 d:/program files (x86)/stm32cubeide_1.0.2/stm32cubeide/plugins/com.st.stm32cube.ide.mcu.externaltools.gnu-tools-for-stm32.7-2018-q2-update.win32_1.0.0.201904181610/tools/bin/../lib/gcc/arm-none-eabi/7.3.1/../../../../arm-none-eabi/lib/thumb/v7e-m/fpv4-sp/hard\libc_nano.a(lib_a-init.o)
                0x0000000008003bd4                __libc_init_array
 .text.memset   0x0000000008003c1c       0x10 d:/program files (x86)/stm32cubeide_1.0.2/stm32cubeide/plugins/com.st.stm32cube.ide.mcu.externaltools.gnu-tools-for-stm32.7-2018-q2-update.win32_1.0.0.201904181610/tools/bin/../lib/gcc/arm-none-eabi/7.3.1/../../../../arm-none-eabi/lib/thumb/v7e-m/fpv4-sp/hard\libc_nano.a(lib_a-memset.o)
                0x0000000008003c1c                memset
 *(.glue_7)
 .glue_7        0x0000000008003c2c        0x0 linker stubs
 *(.glue_7t)
 .glue_7t       0x0000000008003c2c        0x0 linker stubs
 *(.eh_frame)
 .eh_frame      0x0000000008003c2c        0x0 d:/program files (x86)/stm32cubeide_1.0.2/stm32cubeide/plugins/com.st.stm32cube.ide.mcu.externaltools.gnu-tools-for-stm32.7-2018-q2-update.win32_1.0.0.201904181610/tools/bin/../lib/gcc/arm-none-eabi/7.3.1/thumb/v7e-m/fpv4-sp/hard/crtbegin.o
 *(.init)
 .init          0x0000000008003c2c        0x4 d:/program files (x86)/stm32cubeide_1.0.2/stm32cubeide/plugins/com.st.stm32cube.ide.mcu.externaltools.gnu-tools-for-stm32.7-2018-q2-update.win32_1.0.0.201904181610/tools/bin/../lib/gcc/arm-none-eabi/7.3.1/thumb/v7e-m/fpv4-sp/hard/crti.o
                0x0000000008003c2c                _init
 .init          0x0000000008003c30        0x8 d:/program files (x86)/stm32cubeide_1.0.2/stm32cubeide/plugins/com.st.stm32cube.ide.mcu.externaltools.gnu-tools-for-stm32.7-2018-q2-update.win32_1.0.0.201904181610/tools/bin/../lib/gcc/arm-none-eabi/7.3.1/thumb/v7e-m/fpv4-sp/hard/crtn.o
 *(.fini)
 .fini          0x0000000008003c38        0x4 d:/program files (x86)/stm32cubeide_1.0.2/stm32cubeide/plugins/com.st.stm32cube.ide.mcu.externaltools.gnu-tools-for-stm32.7-2018-q2-update.win32_1.0.0.201904181610/tools/bin/../lib/gcc/arm-none-eabi/7.3.1/thumb/v7e-m/fpv4-sp/hard/crti.o
                0x0000000008003c38                _fini
 .fini          0x0000000008003c3c        0x8 d:/program files (x86)/stm32cubeide_1.0.2/stm32cubeide/plugins/com.st.stm32cube.ide.mcu.externaltools.gnu-tools-for-stm32.7-2018-q2-update.win32_1.0.0.201904181610/tools/bin/../lib/gcc/arm-none-eabi/7.3.1/thumb/v7e-m/fpv4-sp/hard/crtn.o
                0x0000000008003c44                . = ALIGN (0x4)
                0x0000000008003c44                _etext = .

.vfp11_veneer   0x0000000008003c44        0x0
 .vfp11_veneer  0x0000000008003c44        0x0 linker stubs

.v4_bx          0x0000000008003c44        0x0
 .v4_bx         0x0000000008003c44        0x0 linker stubs

.iplt           0x0000000008003c44        0x0
 .iplt          0x0000000008003c44        0x0 d:/program files (x86)/stm32cubeide_1.0.2/stm32cubeide/plugins/com.st.stm32cube.ide.mcu.externaltools.gnu-tools-for-stm32.7-2018-q2-update.win32_1.0.0.201904181610/tools/bin/../lib/gcc/arm-none-eabi/7.3.1/thumb/v7e-m/fpv4-sp/hard/crtbegin.o

.rodata         0x0000000008003c44      0xaa0
                0x0000000008003c44                . = ALIGN (0x4)
 *(.rodata)
 .rodata        0x0000000008003c44       0x22 Src/main.o
 *(.rodata*)
 *fill*         0x0000000008003c66        0x2 
 .rodata.flagBitshiftOffset.7756
                0x0000000008003c68        0x8 Drivers/STM32F4xx_HAL_Driver/Src/stm32f4xx_hal_dma.o
 .rodata.c_chFont1206
                0x0000000008003c70      0x474 Src/Fonts.o
                0x0000000008003c70                c_chFont1206
 .rodata.c_chFont1608
                0x00000000080040e4      0x5f0 Src/Fonts.o
                0x00000000080040e4                c_chFont1608
 .rodata.AHBPrescTable
                0x00000000080046d4       0x10 Src/system_stm32f4xx.o
                0x00000000080046d4                AHBPrescTable
                0x00000000080046e4                . = ALIGN (0x4)

.ARM.extab      0x00000000080046e4        0x0
                0x00000000080046e4                . = ALIGN (0x4)
 *(.ARM.extab* .gnu.linkonce.armextab.*)
                0x00000000080046e4                . = ALIGN (0x4)

.ARM            0x00000000080046e4        0x8
                0x00000000080046e4                . = ALIGN (0x4)
                0x00000000080046e4                __exidx_start = .
 *(.ARM.exidx*)
 .ARM.exidx     0x00000000080046e4        0x8 d:/program files (x86)/stm32cubeide_1.0.2/stm32cubeide/plugins/com.st.stm32cube.ide.mcu.externaltools.gnu-tools-for-stm32.7-2018-q2-update.win32_1.0.0.201904181610/tools/bin/../lib/gcc/arm-none-eabi/7.3.1/thumb/v7e-m/fpv4-sp/hard\libgcc.a(_udivmoddi4.o)
                0x00000000080046ec                __exidx_end = .
                0x00000000080046ec                . = ALIGN (0x4)

.rel.dyn        0x00000000080046ec        0x0
 .rel.iplt      0x00000000080046ec        0x0 d:/program files (x86)/stm32cubeide_1.0.2/stm32cubeide/plugins/com.st.stm32cube.ide.mcu.externaltools.gnu-tools-for-stm32.7-2018-q2-update.win32_1.0.0.201904181610/tools/bin/../lib/gcc/arm-none-eabi/7.3.1/thumb/v7e-m/fpv4-sp/hard/crtbegin.o

.preinit_array  0x00000000080046ec        0x0
                0x00000000080046ec                . = ALIGN (0x4)
                0x00000000080046ec                PROVIDE (__preinit_array_start = .)
 *(.preinit_array*)
                0x00000000080046ec                PROVIDE (__preinit_array_end = .)
                0x00000000080046ec                . = ALIGN (0x4)

.init_array     0x00000000080046ec        0x4
                0x00000000080046ec                . = ALIGN (0x4)
                0x00000000080046ec                PROVIDE (__init_array_start = .)
 *(SORT_BY_NAME(.init_array.*))
 *(.init_array*)
 .init_array    0x00000000080046ec        0x4 d:/program files (x86)/stm32cubeide_1.0.2/stm32cubeide/plugins/com.st.stm32cube.ide.mcu.externaltools.gnu-tools-for-stm32.7-2018-q2-update.win32_1.0.0.201904181610/tools/bin/../lib/gcc/arm-none-eabi/7.3.1/thumb/v7e-m/fpv4-sp/hard/crtbegin.o
                0x00000000080046f0                PROVIDE (__init_array_end = .)
                0x00000000080046f0                . = ALIGN (0x4)

.fini_array     0x00000000080046f0        0x4
                0x00000000080046f0                . = ALIGN (0x4)
                [!provide]                        PROVIDE (__fini_array_start = .)
 *(SORT_BY_NAME(.fini_array.*))
 *(.fini_array*)
 .fini_array    0x00000000080046f0        0x4 d:/program files (x86)/stm32cubeide_1.0.2/stm32cubeide/plugins/com.st.stm32cube.ide.mcu.externaltools.gnu-tools-for-stm32.7-2018-q2-update.win32_1.0.0.201904181610/tools/bin/../lib/gcc/arm-none-eabi/7.3.1/thumb/v7e-m/fpv4-sp/hard/crtbegin.o
                [!provide]                        PROVIDE (__fini_array_end = .)
                0x00000000080046f4                . = ALIGN (0x4)
                0x00000000080046f4                _sidata = LOADADDR (.data)

.data           0x0000000020000000        0xc load address 0x00000000080046f4
                0x0000000020000000                . = ALIGN (0x4)
                0x0000000020000000                _sdata = .
 *(.data)
 *(.data*)
 .data.uwTickPrio
                0x0000000020000000        0x4 Drivers/STM32F4xx_HAL_Driver/Src/stm32f4xx_hal.o
                0x0000000020000000                uwTickPrio
 .data.uwTickFreq
                0x0000000020000004        0x1 Drivers/STM32F4xx_HAL_Driver/Src/stm32f4xx_hal.o
                0x0000000020000004                uwTickFreq
 *fill*         0x0000000020000005        0x3 
 .data.SystemCoreClock
                0x0000000020000008        0x4 Src/system_stm32f4xx.o
                0x0000000020000008                SystemCoreClock
                0x000000002000000c                . = ALIGN (0x4)
                0x000000002000000c                _edata = .

.igot.plt       0x000000002000000c        0x0 load address 0x0000000008004700
 .igot.plt      0x000000002000000c        0x0 d:/program files (x86)/stm32cubeide_1.0.2/stm32cubeide/plugins/com.st.stm32cube.ide.mcu.externaltools.gnu-tools-for-stm32.7-2018-q2-update.win32_1.0.0.201904181610/tools/bin/../lib/gcc/arm-none-eabi/7.3.1/thumb/v7e-m/fpv4-sp/hard/crtbegin.o
                0x000000002000000c                . = ALIGN (0x4)

.bss            0x000000002000000c      0x18c load address 0x0000000008004700
                0x000000002000000c                _sbss = .
                0x000000002000000c                __bss_start__ = _sbss
 *(.bss)
 .bss           0x000000002000000c       0x1c d:/program files (x86)/stm32cubeide_1.0.2/stm32cubeide/plugins/com.st.stm32cube.ide.mcu.externaltools.gnu-tools-for-stm32.7-2018-q2-update.win32_1.0.0.201904181610/tools/bin/../lib/gcc/arm-none-eabi/7.3.1/thumb/v7e-m/fpv4-sp/hard/crtbegin.o
 *(.bss*)
 .bss.air_quality_val
                0x0000000020000028        0x4 Src/main.o
                0x0000000020000028                air_quality_val
 .bss.switcher  0x000000002000002c        0x4 Src/main.o
                0x000000002000002c                switcher
 .bss.temp      0x0000000020000030        0x4 Src/main.o
                0x0000000020000030                temp
 *(COMMON)
 COMMON         0x0000000020000034        0x4 Drivers/STM32F4xx_HAL_Driver/Src/stm32f4xx_hal.o
                0x0000000020000034                uwTick
 COMMON         0x0000000020000038      0x15e Src/main.o
                0x0000000020000038                hadc2
                0x0000000020000080                sum
                0x0000000020000082                adc_avg
                0x0000000020000084                hadc1
                0x00000000200000cc                hdma_adc1
                0x000000002000012c                hspi1
                0x0000000020000184                temp_buf
                0x0000000020000198                . = ALIGN (0x4)
 *fill*         0x0000000020000196        0x2 
                0x0000000020000198                _ebss = .
                0x0000000020000198                __bss_end__ = _ebss

._user_heap_stack
                0x0000000020000198      0x600 load address 0x0000000008004700
                0x0000000020000198                . = ALIGN (0x8)
                0x0000000020000198                PROVIDE (end = .)
                [!provide]                        PROVIDE (_end = .)
                0x0000000020000398                . = (. + _Min_Heap_Size)
 *fill*         0x0000000020000198      0x200 
                0x0000000020000798                . = (. + _Min_Stack_Size)
 *fill*         0x0000000020000398      0x400 
                0x0000000020000798                . = ALIGN (0x8)

/DISCARD/
 libc.a(*)
 libm.a(*)
 libgcc.a(*)

.ARM.attributes
                0x0000000000000000       0x30
 *(.ARM.attributes)
 .ARM.attributes
                0x0000000000000000       0x22 d:/program files (x86)/stm32cubeide_1.0.2/stm32cubeide/plugins/com.st.stm32cube.ide.mcu.externaltools.gnu-tools-for-stm32.7-2018-q2-update.win32_1.0.0.201904181610/tools/bin/../lib/gcc/arm-none-eabi/7.3.1/thumb/v7e-m/fpv4-sp/hard/crti.o
 .ARM.attributes
                0x0000000000000022       0x34 d:/program files (x86)/stm32cubeide_1.0.2/stm32cubeide/plugins/com.st.stm32cube.ide.mcu.externaltools.gnu-tools-for-stm32.7-2018-q2-update.win32_1.0.0.201904181610/tools/bin/../lib/gcc/arm-none-eabi/7.3.1/thumb/v7e-m/fpv4-sp/hard/crtbegin.o
 .ARM.attributes
                0x0000000000000056       0x39 Drivers/STM32F4xx_HAL_Driver/Src/stm32f4xx_hal.o
 .ARM.attributes
                0x000000000000008f       0x39 Drivers/STM32F4xx_HAL_Driver/Src/stm32f4xx_hal_adc.o
 .ARM.attributes
                0x00000000000000c8       0x39 Drivers/STM32F4xx_HAL_Driver/Src/stm32f4xx_hal_adc_ex.o
 .ARM.attributes
                0x0000000000000101       0x39 Drivers/STM32F4xx_HAL_Driver/Src/stm32f4xx_hal_cortex.o
 .ARM.attributes
                0x000000000000013a       0x39 Drivers/STM32F4xx_HAL_Driver/Src/stm32f4xx_hal_dma.o
 .ARM.attributes
                0x0000000000000173       0x39 Drivers/STM32F4xx_HAL_Driver/Src/stm32f4xx_hal_gpio.o
 .ARM.attributes
                0x00000000000001ac       0x39 Drivers/STM32F4xx_HAL_Driver/Src/stm32f4xx_hal_rcc.o
 .ARM.attributes
                0x00000000000001e5       0x39 Drivers/STM32F4xx_HAL_Driver/Src/stm32f4xx_hal_spi.o
 .ARM.attributes
                0x000000000000021e       0x39 Src/Fonts.o
 .ARM.attributes
                0x0000000000000257       0x39 Src/SSD1331.o
 .ARM.attributes
                0x0000000000000290       0x39 Src/main.o
 .ARM.attributes
                0x00000000000002c9       0x39 Src/stm32f4xx_hal_msp.o
 .ARM.attributes
                0x0000000000000302       0x39 Src/stm32f4xx_it.o
 .ARM.attributes
                0x000000000000033b       0x39 Src/system_stm32f4xx.o
 .ARM.attributes
                0x0000000000000374       0x21 Startup/startup_stm32f407vgtx.o
 .ARM.attributes
                0x0000000000000395       0x34 d:/program files (x86)/stm32cubeide_1.0.2/stm32cubeide/plugins/com.st.stm32cube.ide.mcu.externaltools.gnu-tools-for-stm32.7-2018-q2-update.win32_1.0.0.201904181610/tools/bin/../lib/gcc/arm-none-eabi/7.3.1/../../../../arm-none-eabi/lib/thumb/v7e-m/fpv4-sp/hard\libc_nano.a(lib_a-init.o)
 .ARM.attributes
                0x00000000000003c9       0x34 d:/program files (x86)/stm32cubeide_1.0.2/stm32cubeide/plugins/com.st.stm32cube.ide.mcu.externaltools.gnu-tools-for-stm32.7-2018-q2-update.win32_1.0.0.201904181610/tools/bin/../lib/gcc/arm-none-eabi/7.3.1/../../../../arm-none-eabi/lib/thumb/v7e-m/fpv4-sp/hard\libc_nano.a(lib_a-memset.o)
 .ARM.attributes
                0x00000000000003fd       0x22 d:/program files (x86)/stm32cubeide_1.0.2/stm32cubeide/plugins/com.st.stm32cube.ide.mcu.externaltools.gnu-tools-for-stm32.7-2018-q2-update.win32_1.0.0.201904181610/tools/bin/../lib/gcc/arm-none-eabi/7.3.1/thumb/v7e-m/fpv4-sp/hard\libgcc.a(_aeabi_uldivmod.o)
 .ARM.attributes
                0x000000000000041f       0x34 d:/program files (x86)/stm32cubeide_1.0.2/stm32cubeide/plugins/com.st.stm32cube.ide.mcu.externaltools.gnu-tools-for-stm32.7-2018-q2-update.win32_1.0.0.201904181610/tools/bin/../lib/gcc/arm-none-eabi/7.3.1/thumb/v7e-m/fpv4-sp/hard\libgcc.a(_udivmoddi4.o)
 .ARM.attributes
                0x0000000000000453       0x22 d:/program files (x86)/stm32cubeide_1.0.2/stm32cubeide/plugins/com.st.stm32cube.ide.mcu.externaltools.gnu-tools-for-stm32.7-2018-q2-update.win32_1.0.0.201904181610/tools/bin/../lib/gcc/arm-none-eabi/7.3.1/thumb/v7e-m/fpv4-sp/hard\libgcc.a(_dvmd_tls.o)
 .ARM.attributes
                0x0000000000000475       0x22 d:/program files (x86)/stm32cubeide_1.0.2/stm32cubeide/plugins/com.st.stm32cube.ide.mcu.externaltools.gnu-tools-for-stm32.7-2018-q2-update.win32_1.0.0.201904181610/tools/bin/../lib/gcc/arm-none-eabi/7.3.1/thumb/v7e-m/fpv4-sp/hard/crtn.o
OUTPUT(Projekt_PTM.elf elf32-littlearm)

.debug_info     0x0000000000000000     0xb97e
 .debug_info    0x0000000000000000      0x945 Drivers/STM32F4xx_HAL_Driver/Src/stm32f4xx_hal.o
 .debug_info    0x0000000000000945      0xcee Drivers/STM32F4xx_HAL_Driver/Src/stm32f4xx_hal_adc.o
 .debug_info    0x0000000000001633      0xb66 Drivers/STM32F4xx_HAL_Driver/Src/stm32f4xx_hal_adc_ex.o
 .debug_info    0x0000000000002199      0xe28 Drivers/STM32F4xx_HAL_Driver/Src/stm32f4xx_hal_cortex.o
 .debug_info    0x0000000000002fc1      0x968 Drivers/STM32F4xx_HAL_Driver/Src/stm32f4xx_hal_dma.o
 .debug_info    0x0000000000003929      0x7b5 Drivers/STM32F4xx_HAL_Driver/Src/stm32f4xx_hal_gpio.o
 .debug_info    0x00000000000040de      0x904 Drivers/STM32F4xx_HAL_Driver/Src/stm32f4xx_hal_rcc.o
 .debug_info    0x00000000000049e2     0x163a Drivers/STM32F4xx_HAL_Driver/Src/stm32f4xx_hal_spi.o
 .debug_info    0x000000000000601c      0xa55 Src/Fonts.o
 .debug_info    0x0000000000006a71     0x1786 Src/SSD1331.o
 .debug_info    0x00000000000081f7     0x1c0b Src/main.o
 .debug_info    0x0000000000009e02      0xf06 Src/stm32f4xx_hal_msp.o
 .debug_info    0x000000000000ad08      0x700 Src/stm32f4xx_it.o
 .debug_info    0x000000000000b408      0x554 Src/system_stm32f4xx.o
 .debug_info    0x000000000000b95c       0x22 Startup/startup_stm32f407vgtx.o

.debug_abbrev   0x0000000000000000     0x1ccf
 .debug_abbrev  0x0000000000000000      0x1c7 Drivers/STM32F4xx_HAL_Driver/Src/stm32f4xx_hal.o
 .debug_abbrev  0x00000000000001c7      0x205 Drivers/STM32F4xx_HAL_Driver/Src/stm32f4xx_hal_adc.o
 .debug_abbrev  0x00000000000003cc      0x21c Drivers/STM32F4xx_HAL_Driver/Src/stm32f4xx_hal_adc_ex.o
 .debug_abbrev  0x00000000000005e8      0x2fa Drivers/STM32F4xx_HAL_Driver/Src/stm32f4xx_hal_cortex.o
 .debug_abbrev  0x00000000000008e2      0x229 Drivers/STM32F4xx_HAL_Driver/Src/stm32f4xx_hal_dma.o
 .debug_abbrev  0x0000000000000b0b      0x1c9 Drivers/STM32F4xx_HAL_Driver/Src/stm32f4xx_hal_gpio.o
 .debug_abbrev  0x0000000000000cd4      0x245 Drivers/STM32F4xx_HAL_Driver/Src/stm32f4xx_hal_rcc.o
 .debug_abbrev  0x0000000000000f19      0x240 Drivers/STM32F4xx_HAL_Driver/Src/stm32f4xx_hal_spi.o
 .debug_abbrev  0x0000000000001159      0x172 Src/Fonts.o
 .debug_abbrev  0x00000000000012cb      0x28b Src/SSD1331.o
 .debug_abbrev  0x0000000000001556      0x326 Src/main.o
 .debug_abbrev  0x000000000000187c      0x1be Src/stm32f4xx_hal_msp.o
 .debug_abbrev  0x0000000000001a3a      0x158 Src/stm32f4xx_it.o
 .debug_abbrev  0x0000000000001b92      0x12b Src/system_stm32f4xx.o
 .debug_abbrev  0x0000000000001cbd       0x12 Startup/startup_stm32f407vgtx.o

.debug_aranges  0x0000000000000000      0x8f8
 .debug_aranges
                0x0000000000000000       0xf0 Drivers/STM32F4xx_HAL_Driver/Src/stm32f4xx_hal.o
 .debug_aranges
                0x00000000000000f0       0xe8 Drivers/STM32F4xx_HAL_Driver/Src/stm32f4xx_hal_adc.o
 .debug_aranges
                0x00000000000001d8       0x90 Drivers/STM32F4xx_HAL_Driver/Src/stm32f4xx_hal_adc_ex.o
 .debug_aranges
                0x0000000000000268      0x118 Drivers/STM32F4xx_HAL_Driver/Src/stm32f4xx_hal_cortex.o
 .debug_aranges
                0x0000000000000380       0x90 Drivers/STM32F4xx_HAL_Driver/Src/stm32f4xx_hal_dma.o
 .debug_aranges
                0x0000000000000410       0x58 Drivers/STM32F4xx_HAL_Driver/Src/stm32f4xx_hal_gpio.o
 .debug_aranges
                0x0000000000000468       0x88 Drivers/STM32F4xx_HAL_Driver/Src/stm32f4xx_hal_rcc.o
 .debug_aranges
                0x00000000000004f0      0x1d0 Drivers/STM32F4xx_HAL_Driver/Src/stm32f4xx_hal_spi.o
 .debug_aranges
                0x00000000000006c0       0x18 Src/Fonts.o
 .debug_aranges
                0x00000000000006d8       0xa0 Src/SSD1331.o
 .debug_aranges
                0x0000000000000778       0x78 Src/main.o
 .debug_aranges
                0x00000000000007f0       0x40 Src/stm32f4xx_hal_msp.o
 .debug_aranges
                0x0000000000000830       0x78 Src/stm32f4xx_it.o
 .debug_aranges
                0x00000000000008a8       0x28 Src/system_stm32f4xx.o
 .debug_aranges
                0x00000000000008d0       0x28 Startup/startup_stm32f407vgtx.o

.debug_ranges   0x0000000000000000      0x808
 .debug_ranges  0x0000000000000000       0xe0 Drivers/STM32F4xx_HAL_Driver/Src/stm32f4xx_hal.o
 .debug_ranges  0x00000000000000e0       0xd8 Drivers/STM32F4xx_HAL_Driver/Src/stm32f4xx_hal_adc.o
 .debug_ranges  0x00000000000001b8       0x80 Drivers/STM32F4xx_HAL_Driver/Src/stm32f4xx_hal_adc_ex.o
 .debug_ranges  0x0000000000000238      0x108 Drivers/STM32F4xx_HAL_Driver/Src/stm32f4xx_hal_cortex.o
 .debug_ranges  0x0000000000000340       0x80 Drivers/STM32F4xx_HAL_Driver/Src/stm32f4xx_hal_dma.o
 .debug_ranges  0x00000000000003c0       0x48 Drivers/STM32F4xx_HAL_Driver/Src/stm32f4xx_hal_gpio.o
 .debug_ranges  0x0000000000000408       0x78 Drivers/STM32F4xx_HAL_Driver/Src/stm32f4xx_hal_rcc.o
 .debug_ranges  0x0000000000000480      0x1c0 Drivers/STM32F4xx_HAL_Driver/Src/stm32f4xx_hal_spi.o
 .debug_ranges  0x0000000000000640       0x90 Src/SSD1331.o
 .debug_ranges  0x00000000000006d0       0x68 Src/main.o
 .debug_ranges  0x0000000000000738       0x30 Src/stm32f4xx_hal_msp.o
 .debug_ranges  0x0000000000000768       0x68 Src/stm32f4xx_it.o
 .debug_ranges  0x00000000000007d0       0x18 Src/system_stm32f4xx.o
 .debug_ranges  0x00000000000007e8       0x20 Startup/startup_stm32f407vgtx.o

.debug_macro    0x0000000000000000    0x217c7
 .debug_macro   0x0000000000000000      0x233 Drivers/STM32F4xx_HAL_Driver/Src/stm32f4xx_hal.o
 .debug_macro   0x0000000000000233      0xa5a Drivers/STM32F4xx_HAL_Driver/Src/stm32f4xx_hal.o
 .debug_macro   0x0000000000000c8d      0x18a Drivers/STM32F4xx_HAL_Driver/Src/stm32f4xx_hal.o
 .debug_macro   0x0000000000000e17       0x32 Drivers/STM32F4xx_HAL_Driver/Src/stm32f4xx_hal.o
 .debug_macro   0x0000000000000e49       0x2f Drivers/STM32F4xx_HAL_Driver/Src/stm32f4xx_hal.o
 .debug_macro   0x0000000000000e78       0x22 Drivers/STM32F4xx_HAL_Driver/Src/stm32f4xx_hal.o
 .debug_macro   0x0000000000000e9a       0x8e Drivers/STM32F4xx_HAL_Driver/Src/stm32f4xx_hal.o
 .debug_macro   0x0000000000000f28       0x51 Drivers/STM32F4xx_HAL_Driver/Src/stm32f4xx_hal.o
 .debug_macro   0x0000000000000f79       0xef Drivers/STM32F4xx_HAL_Driver/Src/stm32f4xx_hal.o
 .debug_macro   0x0000000000001068       0x6a Drivers/STM32F4xx_HAL_Driver/Src/stm32f4xx_hal.o
 .debug_macro   0x00000000000010d2      0x1df Drivers/STM32F4xx_HAL_Driver/Src/stm32f4xx_hal.o
 .debug_macro   0x00000000000012b1       0x1c Drivers/STM32F4xx_HAL_Driver/Src/stm32f4xx_hal.o
 .debug_macro   0x00000000000012cd       0x22 Drivers/STM32F4xx_HAL_Driver/Src/stm32f4xx_hal.o
 .debug_macro   0x00000000000012ef       0xdf Drivers/STM32F4xx_HAL_Driver/Src/stm32f4xx_hal.o
 .debug_macro   0x00000000000013ce     0x102d Drivers/STM32F4xx_HAL_Driver/Src/stm32f4xx_hal.o
 .debug_macro   0x00000000000023fb      0x11f Drivers/STM32F4xx_HAL_Driver/Src/stm32f4xx_hal.o
 .debug_macro   0x000000000000251a    0x15e3c Drivers/STM32F4xx_HAL_Driver/Src/stm32f4xx_hal.o
 .debug_macro   0x0000000000018356       0x43 Drivers/STM32F4xx_HAL_Driver/Src/stm32f4xx_hal.o
 .debug_macro   0x0000000000018399     0x3652 Drivers/STM32F4xx_HAL_Driver/Src/stm32f4xx_hal.o
 .debug_macro   0x000000000001b9eb      0x174 Drivers/STM32F4xx_HAL_Driver/Src/stm32f4xx_hal.o
 .debug_macro   0x000000000001bb5f       0x5a Drivers/STM32F4xx_HAL_Driver/Src/stm32f4xx_hal.o
 .debug_macro   0x000000000001bbb9      0x96b Drivers/STM32F4xx_HAL_Driver/Src/stm32f4xx_hal.o
 .debug_macro   0x000000000001c524      0x9fe Drivers/STM32F4xx_HAL_Driver/Src/stm32f4xx_hal.o
 .debug_macro   0x000000000001cf22      0x174 Drivers/STM32F4xx_HAL_Driver/Src/stm32f4xx_hal.o
 .debug_macro   0x000000000001d096      0x117 Drivers/STM32F4xx_HAL_Driver/Src/stm32f4xx_hal.o
 .debug_macro   0x000000000001d1ad      0x13e Drivers/STM32F4xx_HAL_Driver/Src/stm32f4xx_hal.o
 .debug_macro   0x000000000001d2eb       0x27 Drivers/STM32F4xx_HAL_Driver/Src/stm32f4xx_hal.o
 .debug_macro   0x000000000001d312      0x287 Drivers/STM32F4xx_HAL_Driver/Src/stm32f4xx_hal.o
 .debug_macro   0x000000000001d599       0x5f Drivers/STM32F4xx_HAL_Driver/Src/stm32f4xx_hal.o
 .debug_macro   0x000000000001d5f8      0x236 Drivers/STM32F4xx_HAL_Driver/Src/stm32f4xx_hal.o
 .debug_macro   0x000000000001d82e      0x391 Drivers/STM32F4xx_HAL_Driver/Src/stm32f4xx_hal.o
 .debug_macro   0x000000000001dbbf      0x176 Drivers/STM32F4xx_HAL_Driver/Src/stm32f4xx_hal.o
 .debug_macro   0x000000000001dd35       0xf9 Drivers/STM32F4xx_HAL_Driver/Src/stm32f4xx_hal.o
 .debug_macro   0x000000000001de2e      0x12c Drivers/STM32F4xx_HAL_Driver/Src/stm32f4xx_hal.o
 .debug_macro   0x000000000001df5a      0x21e Drivers/STM32F4xx_HAL_Driver/Src/stm32f4xx_hal.o
 .debug_macro   0x000000000001e178       0x2e Drivers/STM32F4xx_HAL_Driver/Src/stm32f4xx_hal.o
 .debug_macro   0x000000000001e1a6      0x11a Drivers/STM32F4xx_HAL_Driver/Src/stm32f4xx_hal.o
 .debug_macro   0x000000000001e2c0       0x7e Drivers/STM32F4xx_HAL_Driver/Src/stm32f4xx_hal.o
 .debug_macro   0x000000000001e33e       0x89 Drivers/STM32F4xx_HAL_Driver/Src/stm32f4xx_hal.o
 .debug_macro   0x000000000001e3c7      0x225 Drivers/STM32F4xx_HAL_Driver/Src/stm32f4xx_hal.o
 .debug_macro   0x000000000001e5ec      0x12d Drivers/STM32F4xx_HAL_Driver/Src/stm32f4xx_hal.o
 .debug_macro   0x000000000001e719      0x1d4 Drivers/STM32F4xx_HAL_Driver/Src/stm32f4xx_hal_adc.o
 .debug_macro   0x000000000001e8ed      0x1d3 Drivers/STM32F4xx_HAL_Driver/Src/stm32f4xx_hal_adc_ex.o
 .debug_macro   0x000000000001eac0      0x1d3 Drivers/STM32F4xx_HAL_Driver/Src/stm32f4xx_hal_cortex.o
 .debug_macro   0x000000000001ec93      0x1d9 Drivers/STM32F4xx_HAL_Driver/Src/stm32f4xx_hal_dma.o
 .debug_macro   0x000000000001ee6c      0x209 Drivers/STM32F4xx_HAL_Driver/Src/stm32f4xx_hal_gpio.o
 .debug_macro   0x000000000001f075      0x1f7 Drivers/STM32F4xx_HAL_Driver/Src/stm32f4xx_hal_rcc.o
 .debug_macro   0x000000000001f26c      0x1e2 Drivers/STM32F4xx_HAL_Driver/Src/stm32f4xx_hal_spi.o
 .debug_macro   0x000000000001f44e      0x1da Src/Fonts.o
 .debug_macro   0x000000000001f628       0x40 Src/Fonts.o
 .debug_macro   0x000000000001f668       0x18 Src/Fonts.o
 .debug_macro   0x000000000001f680       0x94 Src/Fonts.o
 .debug_macro   0x000000000001f714       0x3c Src/Fonts.o
 .debug_macro   0x000000000001f750       0x34 Src/Fonts.o
 .debug_macro   0x000000000001f784       0x16 Src/Fonts.o
 .debug_macro   0x000000000001f79a       0x57 Src/Fonts.o
 .debug_macro   0x000000000001f7f1       0x97 Src/Fonts.o
 .debug_macro   0x000000000001f888      0x330 Src/Fonts.o
 .debug_macro   0x000000000001fbb8       0xfd Src/Fonts.o
 .debug_macro   0x000000000001fcb5       0x10 Src/Fonts.o
 .debug_macro   0x000000000001fcc5       0x52 Src/Fonts.o
 .debug_macro   0x000000000001fd17       0x1f Src/Fonts.o
 .debug_macro   0x000000000001fd36       0x43 Src/Fonts.o
 .debug_macro   0x000000000001fd79       0x20 Src/Fonts.o
 .debug_macro   0x000000000001fd99      0x1a3 Src/Fonts.o
 .debug_macro   0x000000000001ff3c       0x10 Src/Fonts.o
 .debug_macro   0x000000000001ff4c       0x1c Src/Fonts.o
 .debug_macro   0x000000000001ff68       0x52 Src/Fonts.o
 .debug_macro   0x000000000001ffba       0x40 Src/Fonts.o
 .debug_macro   0x000000000001fffa       0x10 Src/Fonts.o
 .debug_macro   0x000000000002000a       0x40 Src/Fonts.o
 .debug_macro   0x000000000002004a       0xd7 Src/Fonts.o
 .debug_macro   0x0000000000020121       0x1c Src/Fonts.o
 .debug_macro   0x000000000002013d       0x3d Src/Fonts.o
 .debug_macro   0x000000000002017a       0x16 Src/Fonts.o
 .debug_macro   0x0000000000020190      0x145 Src/Fonts.o
 .debug_macro   0x00000000000202d5       0x22 Src/Fonts.o
 .debug_macro   0x00000000000202f7       0x28 Src/Fonts.o
 .debug_macro   0x000000000002031f      0x4c9 Src/SSD1331.o
 .debug_macro   0x00000000000207e8       0x46 Src/SSD1331.o
 .debug_macro   0x000000000002082e       0x35 Src/SSD1331.o
 .debug_macro   0x0000000000020863      0x32a Src/SSD1331.o
 .debug_macro   0x0000000000020b8d       0x2e Src/SSD1331.o
 .debug_macro   0x0000000000020bbb       0x2e Src/SSD1331.o
 .debug_macro   0x0000000000020be9      0x1e1 Src/SSD1331.o
 .debug_macro   0x0000000000020dca       0x16 Src/SSD1331.o
 .debug_macro   0x0000000000020de0       0x16 Src/SSD1331.o
 .debug_macro   0x0000000000020df6       0x29 Src/SSD1331.o
 .debug_macro   0x0000000000020e1f       0x16 Src/SSD1331.o
 .debug_macro   0x0000000000020e35      0x3c3 Src/main.o
 .debug_macro   0x00000000000211f8       0x28 Src/main.o
 .debug_macro   0x0000000000021220      0x1e2 Src/stm32f4xx_hal_msp.o
 .debug_macro   0x0000000000021402      0x1ec Src/stm32f4xx_it.o
 .debug_macro   0x00000000000215ee      0x1d9 Src/system_stm32f4xx.o

.debug_line     0x0000000000000000     0x8e7f
 .debug_line    0x0000000000000000      0x933 Drivers/STM32F4xx_HAL_Driver/Src/stm32f4xx_hal.o
 .debug_line    0x0000000000000933      0xb98 Drivers/STM32F4xx_HAL_Driver/Src/stm32f4xx_hal_adc.o
 .debug_line    0x00000000000014cb      0xa36 Drivers/STM32F4xx_HAL_Driver/Src/stm32f4xx_hal_adc_ex.o
 .debug_line    0x0000000000001f01      0xa57 Drivers/STM32F4xx_HAL_Driver/Src/stm32f4xx_hal_cortex.o
 .debug_line    0x0000000000002958      0xa01 Drivers/STM32F4xx_HAL_Driver/Src/stm32f4xx_hal_dma.o
 .debug_line    0x0000000000003359      0x912 Drivers/STM32F4xx_HAL_Driver/Src/stm32f4xx_hal_gpio.o
 .debug_line    0x0000000000003c6b      0x98b Drivers/STM32F4xx_HAL_Driver/Src/stm32f4xx_hal_rcc.o
 .debug_line    0x00000000000045f6     0x10e6 Drivers/STM32F4xx_HAL_Driver/Src/stm32f4xx_hal_spi.o
 .debug_line    0x00000000000056dc      0x6cd Src/Fonts.o
 .debug_line    0x0000000000005da9      0xd99 Src/SSD1331.o
 .debug_line    0x0000000000006b42      0xbc8 Src/main.o
 .debug_line    0x000000000000770a      0x7ac Src/stm32f4xx_hal_msp.o
 .debug_line    0x0000000000007eb6      0x804 Src/stm32f4xx_it.o
 .debug_line    0x00000000000086ba      0x744 Src/system_stm32f4xx.o
 .debug_line    0x0000000000008dfe       0x81 Startup/startup_stm32f407vgtx.o

.debug_str      0x0000000000000000    0xc747d
 .debug_str     0x0000000000000000    0xbffc7 Drivers/STM32F4xx_HAL_Driver/Src/stm32f4xx_hal.o
                                      0xc034e (size before relaxing)
 .debug_str     0x00000000000bffc7      0x635 Drivers/STM32F4xx_HAL_Driver/Src/stm32f4xx_hal_adc.o
                                      0xbfe18 (size before relaxing)
 .debug_str     0x00000000000c05fc      0x302 Drivers/STM32F4xx_HAL_Driver/Src/stm32f4xx_hal_adc_ex.o
                                      0xbfe52 (size before relaxing)
 .debug_str     0x00000000000c08fe      0x3e6 Drivers/STM32F4xx_HAL_Driver/Src/stm32f4xx_hal_cortex.o
                                      0xc013d (size before relaxing)
 .debug_str     0x00000000000c0ce4      0x31d Drivers/STM32F4xx_HAL_Driver/Src/stm32f4xx_hal_dma.o
                                      0xbfc96 (size before relaxing)
 .debug_str     0x00000000000c1001      0x282 Drivers/STM32F4xx_HAL_Driver/Src/stm32f4xx_hal_gpio.o
                                      0xbfac0 (size before relaxing)
 .debug_str     0x00000000000c1283      0x38f Drivers/STM32F4xx_HAL_Driver/Src/stm32f4xx_hal_rcc.o
                                      0xbfc6e (size before relaxing)
 .debug_str     0x00000000000c1612      0x737 Drivers/STM32F4xx_HAL_Driver/Src/stm32f4xx_hal_spi.o
                                      0xc00ef (size before relaxing)
 .debug_str     0x00000000000c1d49     0x425b Src/Fonts.o
                                       0x820b (size before relaxing)
 .debug_str     0x00000000000c5fa4     0x122f Src/SSD1331.o
                                      0xc5088 (size before relaxing)
 .debug_str     0x00000000000c71d3      0x123 Src/main.o
                                      0xc554f (size before relaxing)
 .debug_str     0x00000000000c72f6       0x1b Src/stm32f4xx_hal_msp.o
                                      0xc0400 (size before relaxing)
 .debug_str     0x00000000000c7311       0xe1 Src/stm32f4xx_it.o
                                      0xbfc2c (size before relaxing)
 .debug_str     0x00000000000c73f2       0x5a Src/system_stm32f4xx.o
                                      0xbf87c (size before relaxing)
 .debug_str     0x00000000000c744c       0x31 Startup/startup_stm32f407vgtx.o
                                         0x84 (size before relaxing)

.comment        0x0000000000000000       0x7b
 .comment       0x0000000000000000       0x7b Drivers/STM32F4xx_HAL_Driver/Src/stm32f4xx_hal.o
                                         0x7c (size before relaxing)
 .comment       0x000000000000007b       0x7c Drivers/STM32F4xx_HAL_Driver/Src/stm32f4xx_hal_adc.o
 .comment       0x000000000000007b       0x7c Drivers/STM32F4xx_HAL_Driver/Src/stm32f4xx_hal_adc_ex.o
 .comment       0x000000000000007b       0x7c Drivers/STM32F4xx_HAL_Driver/Src/stm32f4xx_hal_cortex.o
 .comment       0x000000000000007b       0x7c Drivers/STM32F4xx_HAL_Driver/Src/stm32f4xx_hal_dma.o
 .comment       0x000000000000007b       0x7c Drivers/STM32F4xx_HAL_Driver/Src/stm32f4xx_hal_gpio.o
 .comment       0x000000000000007b       0x7c Drivers/STM32F4xx_HAL_Driver/Src/stm32f4xx_hal_rcc.o
 .comment       0x000000000000007b       0x7c Drivers/STM32F4xx_HAL_Driver/Src/stm32f4xx_hal_spi.o
 .comment       0x000000000000007b       0x7c Src/Fonts.o
 .comment       0x000000000000007b       0x7c Src/SSD1331.o
 .comment       0x000000000000007b       0x7c Src/main.o
 .comment       0x000000000000007b       0x7c Src/stm32f4xx_hal_msp.o
 .comment       0x000000000000007b       0x7c Src/stm32f4xx_it.o
 .comment       0x000000000000007b       0x7c Src/system_stm32f4xx.o

.debug_frame    0x0000000000000000     0x2380
 .debug_frame   0x0000000000000000      0x374 Drivers/STM32F4xx_HAL_Driver/Src/stm32f4xx_hal.o
 .debug_frame   0x0000000000000374      0x3fc Drivers/STM32F4xx_HAL_Driver/Src/stm32f4xx_hal_adc.o
 .debug_frame   0x0000000000000770      0x250 Drivers/STM32F4xx_HAL_Driver/Src/stm32f4xx_hal_adc_ex.o
 .debug_frame   0x00000000000009c0      0x498 Drivers/STM32F4xx_HAL_Driver/Src/stm32f4xx_hal_cortex.o
 .debug_frame   0x0000000000000e58      0x250 Drivers/STM32F4xx_HAL_Driver/Src/stm32f4xx_hal_dma.o
 .debug_frame   0x00000000000010a8      0x14c Drivers/STM32F4xx_HAL_Driver/Src/stm32f4xx_hal_gpio.o
 .debug_frame   0x00000000000011f4      0x1f0 Drivers/STM32F4xx_HAL_Driver/Src/stm32f4xx_hal_rcc.o
 .debug_frame   0x00000000000013e4      0x824 Drivers/STM32F4xx_HAL_Driver/Src/stm32f4xx_hal_spi.o
 .debug_frame   0x0000000000001c08      0x29c Src/SSD1331.o
 .debug_frame   0x0000000000001ea4      0x1b0 Src/main.o
 .debug_frame   0x0000000000002054       0xc8 Src/stm32f4xx_hal_msp.o
 .debug_frame   0x000000000000211c      0x160 Src/stm32f4xx_it.o
 .debug_frame   0x000000000000227c       0x58 Src/system_stm32f4xx.o
 .debug_frame   0x00000000000022d4       0x2c d:/program files (x86)/stm32cubeide_1.0.2/stm32cubeide/plugins/com.st.stm32cube.ide.mcu.externaltools.gnu-tools-for-stm32.7-2018-q2-update.win32_1.0.0.201904181610/tools/bin/../lib/gcc/arm-none-eabi/7.3.1/../../../../arm-none-eabi/lib/thumb/v7e-m/fpv4-sp/hard\libc_nano.a(lib_a-init.o)
 .debug_frame   0x0000000000002300       0x20 d:/program files (x86)/stm32cubeide_1.0.2/stm32cubeide/plugins/com.st.stm32cube.ide.mcu.externaltools.gnu-tools-for-stm32.7-2018-q2-update.win32_1.0.0.201904181610/tools/bin/../lib/gcc/arm-none-eabi/7.3.1/../../../../arm-none-eabi/lib/thumb/v7e-m/fpv4-sp/hard\libc_nano.a(lib_a-memset.o)
 .debug_frame   0x0000000000002320       0x2c d:/program files (x86)/stm32cubeide_1.0.2/stm32cubeide/plugins/com.st.stm32cube.ide.mcu.externaltools.gnu-tools-for-stm32.7-2018-q2-update.win32_1.0.0.201904181610/tools/bin/../lib/gcc/arm-none-eabi/7.3.1/thumb/v7e-m/fpv4-sp/hard\libgcc.a(_aeabi_uldivmod.o)
 .debug_frame   0x000000000000234c       0x34 d:/program files (x86)/stm32cubeide_1.0.2/stm32cubeide/plugins/com.st.stm32cube.ide.mcu.externaltools.gnu-tools-for-stm32.7-2018-q2-update.win32_1.0.0.201904181610/tools/bin/../lib/gcc/arm-none-eabi/7.3.1/thumb/v7e-m/fpv4-sp/hard\libgcc.a(_udivmoddi4.o)
