stm_bme_280.h:27:24:convert16BitData	16	static
stm_bme_280.h:32:24:convert24BitData	16	static
stm_bme_280.c:10:20:errorHandler	4	static
stm_bme_280.c:15:20:I2Cx_WriteData	40	static
stm_bme_280.c:27:23:I2Cx_ReadData	40	static
stm_bme_280.c:42:13:I2Cx_ReadData16	40	static
stm_bme_280.c:52:13:I2Cx_ReadData24	40	static
stm_bme_280.c:79:6:BME280_Initial	24	static
stm_bme_280.c:122:7:BME280_ReadTemperature	24	static
stm_bme_280.c:151:7:BME280_ReadPressure	80	static
stm_bme_280.c:196:7:BME280_ReadHumidity	24	static
stm_bme_280.c:232:7:BME280_ReadAltitude	32	static
stm_bme_280.c:243:7:BME280_ReadAltitudeDefSeaLevel	24	static
stm_bme_280.c:254:13:bme280_WriteReg	16	static
stm_bme_280.c:259:16:bme280_ReadReg	24	static
stm_bme_280.c:265:13:bme280_ReadRegPtr	16	static
stm_bme_280.c:270:16:bme280_ReadStatus	16	static
stm_bme_280.c:276:13:bme280_ReadData16	16	static
stm_bme_280.c:281:13:bme280_ReadSignedData16	16	static
stm_bme_280.c:286:13:bme280_ReadSignedData16_Convert	16	static
stm_bme_280.c:292:13:bme280_ReadRegDataConvert24	16	static
stm_bme_280.c:301:13:bme280_ReadCoefficients_Temp	8	static
stm_bme_280.c:308:13:bme280_ReadCoefficients_Pres	8	static
stm_bme_280.c:321:13:bme280_ReadCoefficients_Hum	16	static
stm_bme_280.c:332:13:bme280_ReadCoefficients	8	static
stm_bme_280.c:341:13:bme280_SetStandby	24	static
stm_bme_280.c:351:13:bme280_SetFilter	24	static
stm_bme_280.c:361:13:bme280_SetOversamplingTemper	24	static
stm_bme_280.c:371:13:bme280_SetOversamplingPressure	24	static
stm_bme_280.c:381:13:bme280_SetOversamplingHum	24	static
stm_bme_280.c:394:13:bme280_SetMode	24	static
